- ((67c48e28-84c8-4061-9451-42beddd5a2df))
- Focus
- New tasks [[quick capture]]
	- ((67cfe045-8ddb-48ba-a3d0-ccc5241c63a7))
- ((67cbf35b-332d-4fe7-89b0-767d54f5daae))
