- This file already has content
- appending line 1
  - appending nested line 2
  - appending line 3 with [a link](https://example.com)
