- New tasks [[inbox]]
	- ((67c48ea4-92cd-4b27-8202-ec1f4fe4ec59))
- ((67c490ad-f00e-480f-bead-0dcab66c3173))
- The other task in #health is DOING and shouldn't be added here
