- ((67c48e06-efe8-47b1-8972-806e7b0d6d77))
- ((67c5e302-29d1-4116-b83f-b064b18102f4))
- ‚è∞ Scheduled tasks [[quick capture]]
	- ((67c48f03-1234-4567-8901-234567890125))
	- ((67c48f04-1234-4567-8901-234567890126))
