- First item
- Parent block with children
	- Child 1
	- Child 2
	- TODO Clean the room
- Last item
