- First item
- Second item
- Last item
- TODO Clean the room
