- TODO Buy groceries outside
- Parent block
	- Nested item
	- TODO Clean the room
	- Another nested item
- Last item
