- First item
- TODO Buy groceries outside will be skipped
- Parent block
	- Level 1
		- Level 2
			- Level 3
				- TODO Clean the room
					- Nested child 1
					- Nested child 2
- Last item
