filters:: {"onedrive" false, "tax" false, "some other page" true, "gnucash" true}
alias:: other name for page

- TODO My updated task with a key
