- New tasks [[inbox]]
	- ((67c48dc4-c4f6-4983-96f9-8eca408399e2))
	- ((67cfe0d5-e1c6-40c0-aac2-20e36bb460dc))
- ((67c48cb3-ee20-48fe-9a2b-3f63dff412ff))
- ((67cfe084-41b0-4cd3-9a46-f8858662b8f6))
