- Regular   text with  spaces
  - child
    - nested [Link With Spaces ](https://example.com)
- top level
  - child 2
  - child 3
    - Here we have #[[some tag with spaces]]
    - top level 2
- [[some page title with spaces]]
