- here is some #tag
  - and here is one #[[tag with spaces]]
    - text before #some-tag then after
