- ğŸ“… Overdue tasks [[inbox]]
	- ((67c48cb3-ddf4-468f-a5ab-31115994f458))ğŸ“…ğŸ“Œ
- ((67fd81ae-278f-46a3-aac3-3fa117ca3851))
- ((67fd81d4-b3d9-4746-81e9-e827075a70e1))
- This one should not be moved from here
	- ((67fd8167-a4d5-4cb0-914b-852d296d81a3)) text after block contains pin ğŸ“Œ
