- Add content under this block with some [[page]] or #tag
	- Line 1
	  Line 2
	  Line 3
- Some content after the header