- Journal to simulate a valid date
- TODO Clean the room