- My work
	- DOING 21:12 Some task
	  collapsed:: true
	  :LOGBOOK:
	  CLOCK: [2025-08-27 Wed 21:12:50]
	  :END:
- Content after insertion point