- Example of appending to the end of the file if a parent is not found
- Some content
- More content
- Line 1
  Line 2
  Line 3