- Journal to simulate today'date
- TODO Clean the room