- New tasks [[quick capture]]
	- ((67cbf35b-332d-4fe7-89b0-767d54f5daae))
	- ((67cfe084-41b0-4cd3-9a46-f8858662b8f6))
	- ((67cfe0d5-e1c6-40c0-aac2-20e36bb460dc))
