- New tasks [[quick capture]]
	- ((67c48ea4-92cd-4b27-8202-ec1f4fe4ec59))
	- ((67c490ad-f00e-480f-bead-0dcab66c3173))
